
> backend@1.0.0 test
> jest --runInBand

  console.log
    [dotenv@17.2.3] injecting env (2) from .env -- tip: ΓÜÖ∩╕Å  write to custom object with { processEnv: myObject }

      at _log (node_modules/dotenv/lib/main.js:142:11)

node.exe : FAIL 
src/tests/auth.test.ts
At line:1 char:1
+ & "C:\Program 
Files\nodejs/node.exe" "C:\U
sers\Kunal\AppData\Roaming\ 
...
+ ~~~~~~~~~~~~~~~~~~~~~~~~~~
~~~~~~~~~~~~~~~~~~~~~~~~~~~~
~~~~~~~~~~~~~~~
    + CategoryInfo          
    : NotSpecified: (FAIL   
  src/tests/auth.test.ts:   
 String) [], RemoteExcep    
tion
    + FullyQualifiedErrorId 
    : NativeCommandError
 
  Auth API
    ├ù should register a 
new user (44 ms)
    ΓêÜ should login an 
existing user and return a 
token (13 ms)

  ΓùÅ Auth API ΓÇ║ should 
register a new user

    expect(received).toBe(ex
pected) // Object.is 
equality

    Expected: 201
    Received: 409

    [0m [90m 32 |[39m    
   })[33m;[39m
     [90m 33 |[39m
    
[31m[1m>[22m[39m[90m 
34 |[39m     expect(res[33
m.[39mstatus)[33m.[39mtoB
e([35m201[39m)[33m;[39m
     [90m    |[39m        
                
[31m[1m^[22m[39m
     [90m 35 |[39m     exp
ect(res[33m.[39mbody)[33m
.[39mtoHaveProperty([32m"m
essage"[39m)[33m;[39m
     [90m 36 |[39m   
})[33m;[39m
     [90m 37 |[39m[0m

      at Object.<anonymous> 
(src/tests/auth.test.ts:34:2
4)

Test Suites: 1 failed, 1 
total
Tests:       1 failed, 1 
passed, 2 total
Snapshots:   0 total
Time:        3.452 s, 
estimated 4 s
Ran all test suites.
